[02/24/2021 00:31:01] Hello world from SpaceLogs!
[02/24/2021 00:31:01] SpaceLogs is an easy to use logging library for C++ developers.
