[02/24/2021 00:33:45] Hello world from SpaceLogs!
[02/24/2021 00:33:45] SpaceLogs is an easy to use logging library for C++ developers.
